I: Using Apktool 2.11.1 on indianchat.apk with 8 threads
I: Baksmaling classes.dex...
I: Baksmaling classes10.dex...
I: Baksmaling classes11.dex...
I: Loading resource table...
I: Baksmaling classes12.dex...
I: Baksmaling classes2.dex...
I: Baksmaling classes4.dex...
I: Baksmaling classes3.dex...
W: Unknown data detected at end of type chunk. Skipping: 320 byte(s)
W: Unknown data detected at end of type chunk. Skipping: 6384 byte(s)
W: Unknown data detected at end of type chunk. Skipping: 16 byte(s)
W: Unknown data detected at end of type chunk. Skipping: 64 byte(s)
W: Unknown data detected at end of type chunk. Skipping: 16 byte(s)
W: Unknown data detected at end of type chunk. Skipping: 48 byte(s)
W: Unknown data detected at end of type chunk. Skipping: 32 byte(s)
W: Unknown data detected at end of type chunk. Skipping: 336 byte(s)
W: Unknown data detected at end of type chunk. Skipping: 80 byte(s)
W: Unknown data detected at end of type chunk. Skipping: 48 byte(s)
W: Unknown data detected at end of type chunk. Skipping: 32 byte(s)
W: Unknown data detected at end of type chunk. Skipping: 1024 byte(s)
W: Unknown data detected at end of type chunk. Skipping: 1136 byte(s)
I: Decoding file-resources...
I: Loading resource table from file: C:\Users\Dell\AppData\Local\apktool\framework\1.apk
I: Baksmaling classes5.dex...
I: Baksmaling classes6.dex...
I: Baksmaling classes7.dex...
I: Decoding values */* XMLs...
I: Baksmaling classes8.dex...
I: Decoding AndroidManifest.xml with resources...
I: Regular manifest package...
I: Baksmaling classes9.dex...
I: Copying original files...
I: Copying assets...
I: Copying lib...
I: Copying unknown files...
